Wog, Wog, Wog, Wog, Wog, Wog, Wog, Wog, Wog, Wog, Wog, Wog, Wog, Wog, Wog, Wog, Wog, Wog, Wog, Wog, Wog, Wog, Wog, Wog, Wog, Wog, Wog, Wog, Wog, Wog, Wog, Wog, Wog, Wog, Wog, Wog, Wog, Wog, Wog, Wog, Wog, Wog, Wog, Wog, Wog, Wog
Wog, Wog, Wog, Wog, Wog, Wog, Wog, Wog, Wog, Wog, Wog, Wog, Wog, Wog, Wog, Wog, Wog, Wog, Wog, Wog, Wog, Wog, Wog, Wog, Wog, Wog, Wog, Wog, Wog, Wog, Wog, Wog, Wog, Wog, Wog, Wog, Wog, Wog, Wog, Wog, Wog, Wog, Wog, Wog, Wog, Wog
Wog, Wog, Wog, Wog, Wog, Wog, Wog, Wog, Wog, Wog, Wog, Wog, Wog, Wog, Wog, Wog, Rd, Wog, Wog, Wog, Wog, Wog, Wog, Wog, Wog, Wog, Wog, Wog, Wog, Wog, Wog, Wog, Wog, Wog, Wog, Wog, Wog, Wog, Wog, Wog, Wog, Wog, Wog, Wog, Wog, Wog
Wog, Wog, Wog, Wog, Wog, Wog, Wog, Wog, Wog, Wog, Wog, Wog, Rd, Rd, Rd, Rd, Rd, Rd, Rd, Wog, Wog, Wog, Wog, Wog, Wog, Wog, Wog, Wog, Wog, Wog, Wog, Wog, Wog, Wog, Wog, Wog, Wog, Wog, Rd, Wog, Wog, Wog, Wog, Wog, Wog, Wog
Rd, Wog, Wog, Wog, Wog, Wog, Rd, Wog, Rd, Rd, Rd, Rd, Rd, Rd, Rd, Rd, Rd, Rd, Rd, Wog, Rd, Wog, Rd, Wog, Rd, Wog, Rd, Wog, Wog, Wog, Wog, Wog, Wog, Wog, Wog, Wog, Wog, Wog, Rd, Wog, Wog, Wog, Wog, Wog, Wog, Wog
Rd, Rd, Rd, Rd, Rd, Rd, Rd, Rd, Rd, Rd, Rd, Rd, Rd, Rd, Rd, Rd, Rd, Rd, Rd, Rd, Rd, Rd, Rd, Rd, Rd, Rd, Rd, Rd, Rd, Wog, Wog, Wog, Wog, Wog, Wog, Wog, Wog, Wog, Rd, Rd, Rd, Wog, Wog, Wog, Wog, Wog
Rd, Rd, Rd, Rd, Rd, Rd, Rd, Rd, Rd, Rd, Rd, Rd, Rd, Rd, Rd, Rd, Rd, Rd, Rd, Rd, Rd, Rd, Rd, Rd, Rd, Rd, Rd, Rd, Rd, Rd, Rd, Wog, Wog, Wog, Wog, Wog, Wog, Rd, Rd, Rd, Rd, Rd, Rd, Wog, Wog, Wog
Rd, Rd, Rd, Rd, Rd, Rd, Rd, Rd, Rd, Rd, Rd, Rd, Rd, Rd, Rd, Rd, Rd, Rd, Rd, Rd, Rd, Rd, Rd, Rd, Rd, Rd, Rd, Rd, Rd, Rd, Rd, Rd, Wog, Wog, Wog, Wog, Rd, Rd, Rd, Rd, Rd, Rd, Rd, Rd, Rd, Wog
Rd, Rd, Rd, Rd, Rd, Rd, Rd, Rd, Rd, Rd, Rd, Rd, Rd, Rd, Rd, Rd, Rd, Rd, Rd, Rd, Rd, Rd, Rd, Rd, Rd, Rd, Rd, Rd, Rd, Rd, Rd, Rd, Rd, Wog, Rd, Rd, Rd, Rd, Rd, Rd, Rd, Rd, Rd, Rd, Rd, Rd
Rd, Rd, Rd, Rd, Rd, Rd, Rd, Rd, Rd, Rd, Rd, Rd, Rd, Rd, Rd, Rd, Rd, Rd, Rd, Rd, Rd, Rd, Rd, Rd, Rd, Rd, Rd, Rd, Rd, Rd, Rd, Rd, Rd, Rd, Rd, Rd, Rd, Rd, Rd, Rd, Rd, Rd, Rd, Rd, Rd, Rd
Rd, Rd, Rd, Rd, Rd, Rd, Rd, Rd, Rd, Rd, Rd, Rd, Rd, Rd, Rd, Rd, Rd, Rd, Rd, Rd, Rd, Rd, Rd, Rd, Rd, Rd, Rd, Rd, Rd, Rd, Rd, Rd, Rd, Rd, Rd, Rd, Rd, Rd, Rd, Rd, Rd, Rd, Rd, Rd, Rd, Rd
Rd, Rd, Rd, Rd, Rd, Rd, Rd, Rd, Rd, Rd, Rd, Rd, Rd, Rd, Rd, Rd, Rd, Rd, Rd, Rd, Rd, Rd, Rd, Rd, Rd, Rd, Rd, Rd, Rd, Rd, Rd, Rd, Rd, Rd, Rd, Rd, Rd, Rd, Rd, Rd, Rd, Rd, Rd, Rd, Rd, Rd
Rd, Rd, Rd, Rd, Rd, Rd, Rd, Rd, Rd, Rd, Rd, Rd, Rd, Rd, Rd, Rd, Rd, Rd, Rd, Rd, Rd, Rd, Rd, Rd, Rd, Rd, Rd, Rd, Rd, Rd, Rd, Rd, Rd, Rd, Rd, Rd, Rd, Rd, Rd, Rd, Rd, Rd, Rd, Rd, Rd, Rd
Rd, Rd, Rd, Rd, Rd, Rd, Rd, Rd, Rd, Rd, Rd, Rd, Rd, Rd, Rd, Rd, Rd, Rd, Rd, Rd, Rd, Rd, Rd, Rd, Rd, Rd, Rd, Rd, Rd, Rd, Rd, Rd, Rd, Rd, Rd, Rd, Rd, Rd, Rd, Rd, Rd, Rd, Rd, Rd, Rd, Rd
Rd, Rd, Rd, Rd, Rd, Rd, Rd, Rd, Rd, Rd, Rd, Rd, Rd, Rd, Rd, Rd, Rd, Rd, Rd, Rd, Rd, Rd, Rd, Rd, Rd, Rd, Rd, Rd, Rd, Rd, Rd, Rd, Rd, Rd, Rd, Rd, Rd, Rd, Rd, Rd, Rd, Rd, Rd, Rd, Rd, Rd
Rd, Rd, Rd, Rd, Rd, Rd, Rd, Rd, Rd, Rd, Rd, Rd, Rd, Rd, Md, Md, Md, Rd, Rd, Rd, Rd, Rd, Rd, Rd, Rd, Rd, Rd, Rd, Rd, Rd, Rd, Rd, Rd, Rd, Rd, Rd, Rd, Rd, Rd, Rd, Rd, Rd, Rd, Rd, Rd, Rd
Rd, Rd, Rd, Rd, Rd, Rd, Rd, Rd, Rd, Rd, Rd, Rd, Rd, Md, Md, Md, Md, Md, Rd, Rd, Rd, Rd, Hhd, Hhd, Hhd, Hhd, Hhd, Rd, Rd, Rd, Rd, Rd, Rd, Rd, Rd, Rd, Rd, Rd, Rd, Rd, Rd, Rd, Rd, Rd, Rd, Rd
Rd, Rd, Rd, Rd, Rd, Rd, Rd, Rd, Rd, Rd, Rd, Rd, Rd, Rd, Rd, Md, Md, Md, Hhd, Rd, Hhd, Rd, Rd, Rd, Rd, Hhd, Rd, Rd, Rd, Rd, Rd, Rd, Rd, Rd, Rd, Rd, Rd, Rd, Rd, Rd, Rd, Rd, Rd, Rd, Rd, Rd
Rd, Rd, Rd, Rd, Rd, Rd, Rd, Rd, Rd, Rd, Rd, Rd, Rd, Rd, Rd, Rd, Hhd, Hhd, Hhd, Hhd, Hhd, Hhd, Hhd, Rd, Rd, Rd, Rd, Rd, Rd, Rd, Rd, Rd, Rd, Rd, Rd, Rd, Rd, Rd, Rd, Rd, Rd, Rd, Rd, Rd, Rd, Rd
Rd, Rd, Rd, Rd, Rd, Rd, Rd, Rd, Rd, Rd, Rd, Rd, Rd, Rd, Rd, Rd, Hhd, Hhd, Rd, Hhd, Hhd, Hhd, Hhd, Hhd, Hhd, Rd, Rd, Rd, Rd, Rd, Rd, Rd, Rd, Rd, Rd, Rd, Rd, Rd, Rd, Rd, Rd, Rd, Rd, Rd, Rd, Rd
Rd, Rd, Rd, Rd, Rd, Rd, Rd, Rd, Rd, Rd, Rd, Rd, Rd, Rd, Rd, Rd, Rd, Rd, Rd, Rd, Rd, Hhd, Hhd, Hhd, Hhd, Hhd, Hhd, Rd, Rd, Rd, Rd, Rd, Rd, Rd, Rd, Rd, Rd, Rd, Rd, Rd, Rd, Rd, Rd, Rd, Rd, Rd
Rd, Rd, Rd, Rd, Rd, Rd, Rd, Rd, Rd, Rd, Rd, Rd, Rd, Rd, Rd, Rd, Rd, Rd, Rd, Rd, Rd, Rd, Rd, Hhd, Hhd, Hhd, Hhd, Hhd, Rd, Rd, Rd, Rd, Rd, Rd, Rd, Rd, Rd, Rd, Rd, Rd, Rd, Rd, Rd, Rd, Rd, Rd
Rd, Rd, Rd, Rd, Rd, Rd, Rd, Rd, Rd, Rd, Rd, Rd, Rd, Rd, Rd, Rd, Rd, Rd, Rd, Rd, Rd, Rd, Rd, Rd, Rd, Hhd, Hhd, Hhd, Hhd, Rd, Rd, Rd, Rd, Rd, Rd, Rd, Rd, Rd, Rd, Rd, Rd, Rd, Rd, Rd, Rd, Rd
Rd, Rd, Rd, Rd, Rd, Rd, Rd, Rd, Rd, Rd, Rd, Rd, Rd, Rd, Rd, Rd, Rd, Rd, Rd, Rd, Rd, Rd, Rd, Rd, Rd, Rd, Rd, Hhd, Hhd, Hhd, Hhd, Rd, Rd, Rd, Rd, Rd, Rd, Rd, Rd, Rd, Rd, Rd, Rd, Rd, Rd, Rd
Rd, Rd, Rd, Rd, Rd, Rd, Rd, Rd, Rd, Rd, Rd, Rd, Rd, Rd, Rd, Rd, Rd, Rd, Rd, Rd, Rd, Rd, Rd, Rd, Rd, Rd, Rd, Rd, Rd, Hhd, Hhd, Hhd, Hhd, Rd, Rd, Rd, Rd, Rd, Rd, Rd, Rd, Rd, Rd, Rd, Rd, Rd
Rd, Rd, Rd, Rd, Rd, Rd, Rd, Rd, Rd, Rd, Rd, Rd, Rd, Rd, Rd, Rd, Rd, Rd, Rd, Rd, Rd, Rd, Rd, Rd, Rd, Rd, Rd, Rd, Rd, Rd, Rd, Hhd, Hhd, Hhd, Hhd, Rd, Rd, Rd, Rd, Rd, Rd, Rd, Rd, Rd, Rd, Rd
Rd, Rd, Rd, Rd, Rd, Rd, Rd, Rd, Rd, Rd, Rd, Rd, Rd, Rd, Rd, Rd, Rd, Rd, Rd, Rd, Rd, Rd, Rd, Rd, Rd, Rd, Rd, Rd, Rd, Rd, Rd, Rd, Rd, Hhd, Hhd, Hhd, Rd, Rd, Rd, Rd, Rd, Rd, Rd, Rd, Rd, Rd
Rd, Rd, Rd, Rd, Mdd, Rd, Rd, Rd, Rd, Rd, Rd, Rd, Rd, Rd, Rd, Rd, Rd, Rd, Rd, Rd, Rd, Rd, Rd, Rd, Rd, Rd, Rd, Rd, Rd, Rd, Rd, Rd, Wo, Wo, Wo, Rd, Rd, Rd, Rd, Rd, Rd, Rd, Rd, Rd, Rd, Rd
Rd, Rd, Rd, Rd, Mdd, Mdd, Mdd, Rd, Rd, Rd, Dd, Rd, Rd, Rd, Rd, Rd, Rd, Rd, Rd, Rd, Rd, Rd, Rd, Rd, Rd, Rd, Rd, Rd, Rd, Rd, Rd, Wo, Wo, Wo, Wo, Rd, Rd, Rd, Rd, Rd, Rd, Rd, Rd, Rd, Rd, Rd
Rd, Rd, Rd, Rd, Rd, Mdd, Mdd, Mdd, Dd, Dd, Rd, Rd, Rd, Rd, Rd, Rd, Rd, Rd, Rd, Rd, Rd, Rd, Rd, Rd, Rd, Rd, Rd, Rd, Rd, Rd, Wo, Wo, Wo, Wo, Wo, Wo, Rd, Rd, Rd, Rd, Rd, Rd, Rd, Rd, Rd, Rd
Rd, Rd, Rd, Rd, Rd, Mdd, Mdd, Ww, Ww, Ww, Ww, Ww, Ww, Ww, Ww, Rd, Ww, Rd, Ww, Ww, Ww, Ww, Ww, Rd, Ww, Rd, Rd, Rd, Ww, Rd, Wo, Wo, Wo, Wo, Wo, Wo, Wo, Rd, Rd, Rd, Rd, Rd, Rd, Rd, Rd, Rd
Rd, Rd, Rd, Rd, Mdd, Mdd, Mdd, Dd, Ds, Ds, Ds, Ww, Ds, Ds, Ds, Ww, Ds, Ww, Ds, Ds, Ds, Ww, Ds, Ww, Ds, Ww, Ww, Ww, Ds, Ww, Wo, Wo, Wo, Wo, Wo, Wo, Wo, Rd, Rd, Rd, Rd, Rd, Rd, Rd, Rd, Rd
Rd, Rd, Mdd, Mdd, Mdd, Mdd, Dd, Dd, Dd, Dd, Dd, Ds, Dd, Dd, Dd, Dd, Dd, Dd, Dd, Ds, Dd, Ds, Ds, Ds, Ds, Ds, Ds, Ds, Ds, Wo, Wo, Wo, Wo, Wo, Wo, Wo, Wo, Wo, Rd, Rd, Rd, Rd, Rd, Rd, Rd, Rd
Rd, Rd, Mdd, Mdd, Rd, Mdd, Dd, Dd, Dd, Dd, Dd, Dd, Dd, Dd, Dd, Dd, Dd, Dd, Dd, Dd, Dd, Dd, Dd, Dd, Dd, Dd, Ds, Ds, Wo, Wo, Wo, Wo, Wo, Wo, Wo, Wo, Wo, Wo, Rd, Rd, Rd, Rd, Rd, Rd, Rd, Rd
Rd, Mdd, Mdd, Mdd, Mdd, Mdd, Dd, Dd, Dd, Dd, Dd, Dd, Dd, Dd, Rd, Dd, Dd, Dd, Dd, Dd, Dd, Dd, Dd, Dd, Dd, Dd, Rd, Wo, Wo, Wo, Wo, Wo, Wo, Wo, Wo, Wo, Wo, Wo, Rd, Rd, Rd, Rd, Rd, Rd, Rd, Rd
